INFO:     Will watch for changes in these directories: ['C:\\Users\\jhoan\\Documents\\gicateca_tesis']
INFO:     Uvicorn running on http://127.0.0.1:8000 (Press CTRL+C to quit)
INFO:     Started reloader process [6700] using WatchFiles
INFO:     Started server process [18704]
INFO:     Waiting for application startup.
INFO:     Application startup complete.
WARNING:  WatchFiles detected changes in 'app\engine\normalizer.py'. Reloading...
INFO:     Shutting down
INFO:     Waiting for application shutdown.
INFO:     Application shutdown complete.
INFO:     Finished server process [18704]
Reiniciando Word COM (reason=shutdown)
WARNING:  WatchFiles detected changes in 'app\engine\renderers\image.py', 'app\engine\normalizer.py', 'tests\test_figure_abbreviation_regressions.py'. Reloading...
Exception ignored while calling deallocator <function BaseEventLoop.__del__ at 0x000002115D0A8510>:
Traceback (most recent call last):
  File "C:\Users\jhoan\AppData\Local\Python\pythoncore-3.14-64\Lib\asyncio\base_events.py", line 760, in __del__
    self.close()
  File "C:\Users\jhoan\AppData\Local\Python\pythoncore-3.14-64\Lib\asyncio\selector_events.py", line 104, in close
    self._close_self_pipe()
  File "C:\Users\jhoan\AppData\Local\Python\pythoncore-3.14-64\Lib\asyncio\selector_events.py", line 111, in _close_self_pipe
    self._remove_reader(self._ssock.fileno())
AttributeError: '_WindowsSelectorEventLoop' object has no attribute '_ssock'
C:\Users\jhoan\Documents\gicateca_tesis\.venv\Lib\site-packages\uvicorn\_subprocess.py:84: RuntimeWarning: coroutine 'Server.serve' was never awaited
  pass
RuntimeWarning: Enable tracemalloc to get the object allocation traceback
INFO:     Started server process [16600]
INFO:     Waiting for application startup.
INFO:     Application startup complete.
